// Jest Snapshot v1, https://goo.gl/fbAQLP

exports[`Header Snapshot test 1`] = `
<div
  className="header"
  onClick={[Function]}
>
  <div
    className="backIcon hideIcon"
    onClick={[Function]}
  >
    ←
  </div>
  Chat Bot
  <div
    className="minimiseIcon hideIcon"
    onClick={[Function]}
  >
    –
  </div>
  <div
    className="strechIcon hideIcon"
    onClick={[Function]}
  >
    ✠
  </div>
  <div
    className="restoreIcon hideIcon"
    onClick={[Function]}
  >
    ❐
  </div>
</div>
`;
